[36mvite v8.0.1 [32mbuilding client environment for production...[36m[39m
[2K
transforming...Γ£ô 15 modules transformed.
node.exe : [31mΓ£ù[39m 
Build failed in 141ms
At line:1 char:1
+ & "C:\Program 
Files\nodejs/node.exe" 
"C:\Program 
Files\nodejs/node_mo ...
+ ~~~~~~~~~~~~~~~~~~~~~~~~~~~
~~~~~~~~~~~~~~~~~~~~~~~~~~~~~
~~~~~~~~~~~~~
    + CategoryInfo           
   : NotSpecified: ([31mΓ£  
  ù[39m Build failed in 1   
 41ms:String) [], RemoteE    
xception
    + FullyQualifiedErrorId  
   : NativeCommandError
 
[31merror during build:
[31mBuild failed with 1 
error:

[31m[builtin:vite-transform]
 Error:[0m Expected `}` but 
found `Identifier`
     [38;5;246mΓò¡[0m[38;5
;246mΓöÇ[0m[38;5;246m[[0m 
src/App.jsx:103:39 
[38;5;246m][0m
     [38;5;246mΓöé[0m
 [38;5;246m103 Γöé[0m 
[38;5;249m [0m[38;5;249m 
[0m[38;5;249m 
[0m[38;5;249m 
[0m[38;5;249m 
[0m[38;5;249m 
[0m[38;5;249m 
[0m[38;5;249m 
[0m[38;5;249m 
[0m[38;5;249m 
[0m[38;5;249m 
[0m[38;5;249m 
[0m[38;5;249m 
[0m[38;5;249m 
[0m[38;5;249m 
[0m[38;5;249m 
[0m[38;5;249m 
[0m[38;5;249m 
[0m[38;5;249m 
[0m[38;5;249m [0m[38;5;24
9mc[0m[38;5;249ml[0m[38;5
;249ma[0m[38;5;249ms[0m[3
8;5;249ms[0m[38;5;249mN[0m
[38;5;249ma[0m[38;5;249mm
[0m[38;5;249me[0m[38;5;249
m=[0m[38;5;249m{[0m[38;5;
249m\[0m[38;5;249m`[0m[38
;5;249mf[0m[38;5;249ml[0m
[38;5;249me[0m[38;5;249mx[
0m[38;5;249m [0mitems[38;5
;249m-[0m[38;5;249mc[0m[3
8;5;249me[0m[38;5;249mn[0m
[38;5;249mt[0m[38;5;249me
[0m[38;5;249mr[0m[38;5;249
m [0m[38;5;249mg[0m[38;5;
249ma[0m[38;5;249mp[0m[38
;5;249m-[0m[38;5;249m2[0m
[38;5;249m [0m[38;5;249mp[
0m[38;5;249mx[0m[38;5;249m
-[0m[38;5;249m3[0m[38;5;2
49m [0m[38;5;249mp[0m[38;
5;249my[0m[38;5;249m-[0m[
38;5;249m1[0m[38;5;249m.[0
m[38;5;249m5[0m[38;5;249m 
[0m[38;5;249mr[0m[38;5;24
9mo[0m[38;5;249mu[0m[38;5
;249mn[0m[38;5;249md[0m[3
8;5;249me[0m[38;5;249md[0m
[38;5;249m-[0m[38;5;249ml
[0m[38;5;249mg[0m[38;5;249
m [0m[38;5;249mt[0m[38;5;
249me[0m[38;5;249mx[0m[38
;5;249mt[0m[38;5;249m-[0m
[38;5;249ms[0m[38;5;249mm[
0m[38;5;249m [0m[38;5;249m
f[0m[38;5;249mo[0m[38;5;2
49mn[0m[38;5;249mt[0m[38;
5;249m-[0m[38;5;249mm[0m[
38;5;249me[0m[38;5;249md[0
m[38;5;249mi[0m[38;5;249mu
[0m[38;5;249mm[0m[38;5;24
9m [0m[38;5;249mt[0m[38;5
;249mr[0m[38;5;249ma[0m[3
8;5;249mn[0m[38;5;249ms[0m
[38;5;249mi[0m[38;5;249mt
[0m[38;5;249mi[0m[38;5;249
mo[0m[38;5;249mn[0m[38;5;
249m-[0m[38;5;249ma[0m[38
;5;249ml[0m[38;5;249ml[0m
[38;5;249m [0m[38;5;249m\[
0m[38;5;249m$[0m[38;5;249m
{[0m
 [38;5;240m    Γöé[0m      
                             
    ΓöÇΓöÇΓö¼ΓöÇΓöÇ  
 [38;5;240m    Γöé[0m      
                             
      Γò░ΓöÇΓöÇΓöÇΓöÇ `}` 
expected
[38;5;246mΓöÇΓöÇΓöÇΓöÇΓöÇΓò»
[0m
[31m
    at aggregateBindingErrors
IntoJsError (file:///C:/Users
/kuike/SRM/RepoSense%20AI/fro
ntend/node_modules/rolldown/d
ist/shared/error-BO4SlZV_.mjs
:48:18)
    at unwrapBindingResult (f
ile:///C:/Users/kuike/SRM/Rep
oSense%20AI/frontend/node_mod
ules/rolldown/dist/shared/err
or-BO4SlZV_.mjs:18:128)
    at #build (file:///C:/Use
rs/kuike/SRM/RepoSense%20AI/f
rontend/node_modules/rolldown
/dist/shared/rolldown-build-y
QC7KN8K.mjs:3311:34)
    at async 
buildEnvironment (file:///C:/
Users/kuike/SRM/RepoSense%20A
I/frontend/node_modules/vite/
dist/node/chunks/node.js:3281
7:64)
    at async Object.build (fi
le:///C:/Users/kuike/SRM/Repo
Sense%20AI/frontend/node_modu
les/vite/dist/node/chunks/nod
e.js:33239:19)
    at async Object.buildApp 
(file:///C:/Users/kuike/SRM/R
epoSense%20AI/frontend/node_m
odules/vite/dist/node/chunks/
node.js:33236:153)
    at async CAC.<anonymous> 
(file:///C:/Users/kuike/SRM/R
epoSense%20AI/frontend/node_m
odules/vite/dist/node/cli.js:
778:3) {
  errors: [Getter/Setter]
}[39m
